// Jest Snapshot v1, https://goo.gl/fbAQLP

exports[`Channel Fades fadeTo EaseIn 1`] = `
Array [
  1,
  0.99872,
  0.99488,
  0.98848,
  0.97952,
  0.968,
  0.95392,
  0.93728,
  0.91808,
  0.89632,
  0.872,
  0.84512,
  0.81568,
  0.7836799999999999,
  0.74912,
  0.712,
  0.67232,
  0.63008,
  0.58528,
  0.53792,
  0.4879999999999999,
  0.43552,
  0.38047999999999993,
  0.32287999999999994,
  0.26271999999999995,
  0.19999999999999996,
]
`;

exports[`Channel Fades fadeTo EaseInOut 1`] = `
Array [
  0.1,
  0.12352,
  0.14608000000000002,
  0.16768,
  0.18832000000000002,
  0.20800000000000002,
  0.22672000000000003,
  0.24448000000000003,
  0.26128,
  0.27712000000000003,
  0.29200000000000004,
  0.30592,
  0.31888000000000005,
  0.33088000000000006,
  0.34192,
  0.352,
  0.36112,
  0.36928000000000005,
  0.37648000000000004,
  0.38272000000000006,
  0.388,
  0.3923200000000001,
  0.39568000000000014,
  0.3980800000000001,
  0.39952,
  0.4,
]
`;

exports[`Channel Fades fadeTo EaseOut 1`] = `
Array [
  0.7,
  0.71568,
  0.7307199999999999,
  0.74512,
  0.75888,
  0.772,
  0.78448,
  0.79632,
  0.80752,
  0.81808,
  0.8280000000000001,
  0.83728,
  0.84592,
  0.85392,
  0.86128,
  0.868,
  0.87408,
  0.87952,
  0.88432,
  0.88848,
  0.892,
  0.89488,
  0.89712,
  0.8987200000000001,
  0.89968,
  0.9,
]
`;

exports[`Channel Fades fadeTo Linear 1`] = `
Array [
  0.3,
  0.32,
  0.33999999999999997,
  0.36,
  0.38,
  0.4,
  0.42,
  0.44,
  0.45999999999999996,
  0.48,
  0.5,
  0.52,
  0.54,
  0.56,
  0.5800000000000001,
  0.6,
  0.62,
  0.64,
  0.6599999999999999,
  0.6799999999999999,
  0.7,
  0.72,
  0.74,
  0.76,
  0.78,
  0.8,
]
`;

exports[`Channel Fades fadeToDB EaseIn 1`] = `
Array [
  3,
  3,
  2.9,
  2.8,
  2.6,
  2.4,
  2.1,
  1.8,
  1.4,
  1,
  0.6,
  0.1,
  -0.5,
  -1.1,
  -1.7,
  -2.4,
  -3.2,
  -4,
  -5,
  -6,
  -7.1,
  -8.3,
  -9.7,
  -11.3,
  -13,
  -15,
]
`;

exports[`Channel Fades fadeToDB EaseInOut 1`] = `
Array [
  6,
  5,
  4,
  3.2,
  2.4,
  1.6,
  0.9,
  0.2,
  -0.4,
  -1,
  -1.6,
  -2.1,
  -2.6,
  -3.1,
  -3.6,
  -4,
  -4.3,
  -4.7,
  -5,
  -5.2,
  -5.5,
  -5.7,
  -5.8,
  -5.9,
  -6,
  -6,
]
`;

exports[`Channel Fades fadeToDB EaseOut 1`] = `
Array [
  3,
  1.8,
  0.7,
  -0.4,
  -1.4,
  -2.4,
  -3.4,
  -4.4,
  -5.3,
  -6.2,
  -7.1,
  -8,
  -8.8,
  -9.6,
  -10.4,
  -11.1,
  -11.8,
  -12.4,
  -13,
  -13.5,
  -14,
  -14.3,
  -14.6,
  -14.8,
  -15,
  -15,
]
`;

exports[`Channel Fades fadeToDB Linear 1`] = `
Array [
  -60,
  -55.6,
  -51.4,
  -47.5,
  -43.8,
  -40.3,
  -37,
  -34,
  -31.1,
  -28.4,
  -25.9,
  -23.6,
  -21.4,
  -19.3,
  -17.4,
  -15.7,
  -14,
  -12.5,
  -11,
  -9.7,
  -8.4,
  -7.2,
  -6.1,
  -5,
  -4,
  -3,
]
`;
